// Jest Snapshot v1, https://goo.gl/fbAQLP

exports[`Contact matches snapshot 1`] = `
<main
  class="flex-grow flex items-center justify-center text-2xl"
>
   So here we are... Contact page! 
</main>
`;
