// Jest Snapshot v1, https://goo.gl/fbAQLP

exports[`Spinner matches snapshot 1`] = `
<div
  class="loading-spinner"
>
  <div
    class="spinner"
  />
  <div
    class="spinner"
  />
  <div
    class="spinner"
  />
</div>
`;
